// Vitest Snapshot v1, https://vitest.dev/guide/snapshot.html

exports[`ORDEM 46A — Snapshot de Combate contra Monstro Sintético Blindado > fotografia determinística das 6 classes (nível 30, Humano) vs Guardião Ancestral Blindado 1`] = `
[
  {
    "cenario": "humano | barbaro | nível 30 vs monstro-sintetico-escudo",
    "logTurnos": [
      {
        "ataques": [
          {
            "atacante": "Humano Bárbaro",
            "danoBruto": 18,
            "danoEfetivo": 18,
            "defensor": "Guardião Ancestral Blindado",
            "habilidadeAcionada": "Golpe Bárbaro",
            "hpRestante": 24982,
            "instintoSobrevivenciaAtivo": false,
            "iraAbaixo30Ativo": false,
            "mensagem": "Humano Bárbaro ataca Guardião Ancestral Blindado causando 18 de dano! (Guardião Ancestral Blindado HP: 24982/25000)",
            "sobreescudoRestante": 0,
          },
          {
            "atacante": "Guardião Ancestral Blindado",
            "danoBruto": 50,
            "danoEfetivo": 50,
            "defensor": "Humano Bárbaro",
            "hpRestante": 87,
            "mensagem": "Guardião Ancestral Blindado ataca Humano Bárbaro causando 50 de dano! (Humano Bárbaro HP: 87/105)",
            "sobreescudoRestante": 0,
          },
        ],
        "eventosEfeitos": [],
        "numeroTurno": 1,
      },
      {
        "ataques": [
          {
            "atacante": "Humano Bárbaro",
            "danoBruto": 18,
            "danoEfetivo": 18,
            "defensor": "Guardião Ancestral Blindado",
            "habilidadeAcionada": "Golpe Bárbaro",
            "hpRestante": 24964,
            "instintoSobrevivenciaAtivo": false,
            "iraAbaixo30Ativo": false,
            "mensagem": "Humano Bárbaro ataca Guardião Ancestral Blindado causando 18 de dano! (Guardião Ancestral Blindado HP: 24964/25000)",
            "sobreescudoRestante": 0,
          },
          {
            "atacante": "Guardião Ancestral Blindado",
            "danoBruto": 50,
            "danoEfetivo": 50,
            "defensor": "Humano Bárbaro",
            "hpRestante": 37,
            "mensagem": "Guardião Ancestral Blindado ataca Humano Bárbaro causando 50 de dano! (Humano Bárbaro HP: 37/105)",
            "sobreescudoRestante": 0,
          },
        ],
        "eventosEfeitos": [],
        "numeroTurno": 2,
      },
      {
        "ataques": [
          {
            "atacante": "Humano Bárbaro",
            "danoBruto": 28,
            "danoEfetivo": 28,
            "defensor": "Guardião Ancestral Blindado",
            "habilidadeAcionada": "Fúria Selvagem",
            "hpRestante": 24936,
            "instintoSobrevivenciaAtivo": true,
            "iraAbaixo30Ativo": false,
            "mensagem": "Humano Bárbaro ataca Guardião Ancestral Blindado [Fúria Selvagem] causando 28 de dano! (Guardião Ancestral Blindado HP: 24936/25000)",
            "sobreescudoRestante": 0,
          },
          {
            "atacante": "Guardião Ancestral Blindado",
            "danoBruto": 50,
            "danoEfetivo": 50,
            "defensor": "Humano Bárbaro",
            "hpRestante": 0,
            "mensagem": "Guardião Ancestral Blindado ataca Humano Bárbaro causando 50 de dano! (Humano Bárbaro HP: 0/105)",
            "sobreescudoRestante": 0,
          },
        ],
        "eventosEfeitos": [],
        "numeroTurno": 3,
      },
    ],
    "mensagens": [
      "Iniciativa: Humano Bárbaro tem a vantagem e ataca primeiro!",
      "Humano Bárbaro sucumbiu perante Guardião Ancestral Blindado... A morte cobra seu preço: -50 de ouro. Vitalidade e Mana foram restauradas ao máximo.",
    ],
    "ouroGanho": 0,
    "ouroPerdido": 50,
    "personagemFinal": {
      "hp": 105,
      "hpMax": 105,
      "mana": 80,
      "manaMax": 80,
      "ouro": 50,
    },
    "totalTurnos": 3,
    "vencedor": "monstro",
    "xpGanho": 0,
  },
  {
    "cenario": "humano | cavaleiro | nível 30 vs monstro-sintetico-escudo",
    "logTurnos": [
      {
        "ataques": [
          {
            "atacante": "Humano Cavaleiro",
            "danoBruto": 17,
            "danoEfetivo": 17,
            "defensor": "Guardião Ancestral Blindado",
            "habilidadeAcionada": "Golpe do Guardião",
            "hpRestante": 24983,
            "mensagem": "Humano Cavaleiro ataca Guardião Ancestral Blindado causando 17 de dano! (Guardião Ancestral Blindado HP: 24983/25000)",
            "sobreescudoRestante": 0,
          },
          {
            "atacante": "Guardião Ancestral Blindado",
            "danoBruto": 50,
            "danoEfetivo": 32,
            "defensor": "Humano Cavaleiro",
            "hpRestante": 95,
            "juramentoDefensivoAplicado": false,
            "mensagem": "Guardião Ancestral Blindado ataca Humano Cavaleiro causando 32 de dano! (Humano Cavaleiro HP: 95/95)",
            "posturaDefensivaAplicada": false,
            "sobreescudoRestante": 4,
            "ultimoBastiaoAtivo": false,
          },
        ],
        "eventosEfeitos": [],
        "numeroTurno": 1,
      },
      {
        "ataques": [
          {
            "atacante": "Humano Cavaleiro",
            "danoBruto": 17,
            "danoEfetivo": 17,
            "defensor": "Guardião Ancestral Blindado",
            "habilidadeAcionada": "Golpe do Guardião",
            "hpRestante": 24966,
            "mensagem": "Humano Cavaleiro ataca Guardião Ancestral Blindado causando 17 de dano! (Guardião Ancestral Blindado HP: 24966/25000)",
            "sobreescudoRestante": 0,
          },
          {
            "atacante": "Guardião Ancestral Blindado",
            "danoBruto": 50,
            "danoEfetivo": 32,
            "defensor": "Humano Cavaleiro",
            "hpRestante": 67,
            "juramentoDefensivoAplicado": false,
            "mensagem": "Guardião Ancestral Blindado ataca Humano Cavaleiro causando 32 de dano! (Humano Cavaleiro HP: 67/95)",
            "posturaDefensivaAplicada": false,
            "sobreescudoRestante": 0,
            "ultimoBastiaoAtivo": false,
          },
        ],
        "eventosEfeitos": [],
        "numeroTurno": 2,
      },
      {
        "ataques": [
          {
            "atacante": "Humano Cavaleiro",
            "danoBruto": 17,
            "danoEfetivo": 17,
            "defensor": "Guardião Ancestral Blindado",
            "habilidadeAcionada": "Postura do Guardião",
            "hpRestante": 24949,
            "mensagem": "Humano Cavaleiro ataca Guardião Ancestral Blindado [Postura do Guardião] causando 17 de dano! (Guardião Ancestral Blindado HP: 24949/25000)",
            "sobreescudoRestante": 0,
          },
          {
            "atacante": "Guardião Ancestral Blindado",
            "danoBruto": 50,
            "danoEfetivo": 20,
            "defensor": "Humano Cavaleiro",
            "hpRestante": 51,
            "juramentoDefensivoAplicado": false,
            "mensagem": "Guardião Ancestral Blindado ataca Humano Cavaleiro causando 20 de dano! (Humano Cavaleiro HP: 51/95)",
            "posturaDefensivaAplicada": true,
            "sobreescudoRestante": 0,
            "ultimoBastiaoAtivo": false,
          },
        ],
        "eventosEfeitos": [],
        "numeroTurno": 3,
      },
      {
        "ataques": [
          {
            "atacante": "Humano Cavaleiro",
            "danoBruto": 17,
            "danoEfetivo": 17,
            "defensor": "Guardião Ancestral Blindado",
            "habilidadeAcionada": "Golpe do Guardião",
            "hpRestante": 24932,
            "mensagem": "Humano Cavaleiro ataca Guardião Ancestral Blindado causando 17 de dano! (Guardião Ancestral Blindado HP: 24932/25000)",
            "sobreescudoRestante": 0,
          },
          {
            "atacante": "Guardião Ancestral Blindado",
            "danoBruto": 50,
            "danoEfetivo": 32,
            "defensor": "Humano Cavaleiro",
            "hpRestante": 19,
            "juramentoDefensivoAplicado": false,
            "mensagem": "Guardião Ancestral Blindado ataca Humano Cavaleiro causando 32 de dano! (Humano Cavaleiro HP: 19/95)",
            "posturaDefensivaAplicada": false,
            "sobreescudoRestante": 0,
            "ultimoBastiaoAtivo": false,
          },
        ],
        "eventosEfeitos": [],
        "numeroTurno": 4,
      },
      {
        "ataques": [
          {
            "atacante": "Humano Cavaleiro",
            "danoBruto": 17,
            "danoEfetivo": 17,
            "defensor": "Guardião Ancestral Blindado",
            "habilidadeAcionada": "Golpe do Guardião",
            "hpRestante": 24915,
            "mensagem": "Humano Cavaleiro ataca Guardião Ancestral Blindado causando 17 de dano! (Guardião Ancestral Blindado HP: 24915/25000)",
            "sobreescudoRestante": 0,
          },
          {
            "atacante": "Guardião Ancestral Blindado",
            "danoBruto": 50,
            "danoEfetivo": 24,
            "defensor": "Humano Cavaleiro",
            "hpRestante": 0,
            "juramentoDefensivoAplicado": false,
            "mensagem": "Guardião Ancestral Blindado ataca Humano Cavaleiro causando 24 de dano! (Humano Cavaleiro HP: 0/95)",
            "posturaDefensivaAplicada": false,
            "sobreescudoRestante": 0,
            "ultimoBastiaoAtivo": true,
          },
        ],
        "eventosEfeitos": [],
        "numeroTurno": 5,
      },
    ],
    "mensagens": [
      "Iniciativa: Humano Cavaleiro tem a vantagem e ataca primeiro!",
      "Humano Cavaleiro sucumbiu perante Guardião Ancestral Blindado... A morte cobra seu preço: -50 de ouro. Vitalidade e Mana foram restauradas ao máximo.",
    ],
    "ouroGanho": 0,
    "ouroPerdido": 50,
    "personagemFinal": {
      "hp": 95,
      "hpMax": 95,
      "mana": 80,
      "manaMax": 80,
      "ouro": 50,
    },
    "totalTurnos": 5,
    "vencedor": "monstro",
    "xpGanho": 0,
  },
  {
    "cenario": "humano | feiticeiro | nível 30 vs monstro-sintetico-escudo",
    "logTurnos": [
      {
        "ataques": [
          {
            "atacante": "Humano Feiticeiro",
            "bonusSobreescudoCataclismoAtivo": false,
            "cargasAcumuloConsumidas": 0,
            "cargasAcumuloRestantes": 0,
            "danoBruto": 16,
            "danoEfetivo": 16,
            "defensor": "Guardião Ancestral Blindado",
            "habilidadeAcionada": "Faísca Arcana",
            "hpRestante": 24984,
            "mensagem": "Humano Feiticeiro ataca Guardião Ancestral Blindado causando 16 de dano! (Guardião Ancestral Blindado HP: 24984/25000)",
            "sobreescudoRestante": 0,
          },
          {
            "atacante": "Guardião Ancestral Blindado",
            "danoBruto": 50,
            "danoEfetivo": 50,
            "defensor": "Humano Feiticeiro",
            "hpRestante": 68,
            "mensagem": "Guardião Ancestral Blindado ataca Humano Feiticeiro causando 50 de dano! (Humano Feiticeiro HP: 68/90)",
            "sobreescudoRestante": 0,
          },
        ],
        "eventosEfeitos": [],
        "numeroTurno": 1,
      },
      {
        "ataques": [
          {
            "atacante": "Humano Feiticeiro",
            "bonusSobreescudoCataclismoAtivo": false,
            "cargasAcumuloConsumidas": 0,
            "cargasAcumuloRestantes": 0,
            "danoBruto": 16,
            "danoEfetivo": 16,
            "defensor": "Guardião Ancestral Blindado",
            "habilidadeAcionada": "Faísca Arcana",
            "hpRestante": 24968,
            "mensagem": "Humano Feiticeiro ataca Guardião Ancestral Blindado causando 16 de dano! (Guardião Ancestral Blindado HP: 24968/25000)",
            "sobreescudoRestante": 0,
          },
          {
            "atacante": "Guardião Ancestral Blindado",
            "danoBruto": 50,
            "danoEfetivo": 50,
            "defensor": "Humano Feiticeiro",
            "hpRestante": 18,
            "mensagem": "Guardião Ancestral Blindado ataca Humano Feiticeiro causando 50 de dano! (Humano Feiticeiro HP: 18/90)",
            "sobreescudoRestante": 0,
          },
        ],
        "eventosEfeitos": [],
        "numeroTurno": 2,
      },
      {
        "ataques": [
          {
            "atacante": "Humano Feiticeiro",
            "bonusSobreescudoCataclismoAtivo": false,
            "cargasAcumuloConsumidas": 0,
            "cargasAcumuloRestantes": 1,
            "danoBruto": 31,
            "danoEfetivo": 31,
            "defensor": "Guardião Ancestral Blindado",
            "habilidadeAcionada": "Explosão Arcana",
            "hpRestante": 24937,
            "mensagem": "Humano Feiticeiro ataca Guardião Ancestral Blindado [Explosão Arcana] causando 31 de dano! (Guardião Ancestral Blindado HP: 24937/25000)",
            "sobreescudoRestante": 0,
          },
          {
            "atacante": "Guardião Ancestral Blindado",
            "danoBruto": 50,
            "danoEfetivo": 50,
            "defensor": "Humano Feiticeiro",
            "hpRestante": 0,
            "mensagem": "Guardião Ancestral Blindado ataca Humano Feiticeiro causando 50 de dano! (Humano Feiticeiro HP: 0/90)",
            "sobreescudoRestante": 0,
          },
        ],
        "eventosEfeitos": [],
        "numeroTurno": 3,
      },
    ],
    "mensagens": [
      "Iniciativa: Humano Feiticeiro tem a vantagem e ataca primeiro!",
      "Humano Feiticeiro sucumbiu perante Guardião Ancestral Blindado... A morte cobra seu preço: -50 de ouro. Vitalidade e Mana foram restauradas ao máximo.",
    ],
    "ouroGanho": 0,
    "ouroPerdido": 50,
    "personagemFinal": {
      "hp": 90,
      "hpMax": 90,
      "mana": 94,
      "manaMax": 94,
      "ouro": 50,
    },
    "totalTurnos": 3,
    "vencedor": "monstro",
    "xpGanho": 0,
  },
  {
    "cenario": "humano | bandido | nível 30 vs monstro-sintetico-escudo",
    "logTurnos": [
      {
        "ataques": [
          {
            "atacante": "Humano Bandido",
            "cargasSedeSangueBandidoConsumidas": 0,
            "cargasSedeSangueBandidoRestantes": 0,
            "danoBruto": 19,
            "danoEfetivo": 19,
            "danoPorGolpe": 19,
            "defensor": "Guardião Ancestral Blindado",
            "golpes": [
              19,
            ],
            "habilidadeAcionada": "Golpe Rápido",
            "hpRestante": 24981,
            "ignorarDefesaFisicaPercentual": 0,
            "mensagem": "Humano Bandido ataca Guardião Ancestral Blindado causando 19 de dano! (Guardião Ancestral Blindado HP: 24981/25000)",
            "numeroGolpes": 1,
            "sobreescudoRestante": 0,
          },
          {
            "atacante": "Guardião Ancestral Blindado",
            "danoBruto": 50,
            "danoEfetivo": 50,
            "defensor": "Humano Bandido",
            "hpRestante": 68,
            "mensagem": "Guardião Ancestral Blindado ataca Humano Bandido causando 50 de dano! (Humano Bandido HP: 68/90)",
            "sobreescudoRestante": 0,
          },
        ],
        "eventosEfeitos": [],
        "numeroTurno": 1,
      },
      {
        "ataques": [
          {
            "atacante": "Humano Bandido",
            "cargasSedeSangueBandidoConsumidas": 0,
            "cargasSedeSangueBandidoRestantes": 0,
            "danoBruto": 19,
            "danoEfetivo": 19,
            "danoPorGolpe": 19,
            "defensor": "Guardião Ancestral Blindado",
            "golpes": [
              19,
            ],
            "habilidadeAcionada": "Golpe Rápido",
            "hpRestante": 24962,
            "ignorarDefesaFisicaPercentual": 0,
            "mensagem": "Humano Bandido ataca Guardião Ancestral Blindado causando 19 de dano! (Guardião Ancestral Blindado HP: 24962/25000)",
            "numeroGolpes": 1,
            "sobreescudoRestante": 0,
          },
          {
            "atacante": "Guardião Ancestral Blindado",
            "danoBruto": 50,
            "danoEfetivo": 50,
            "defensor": "Humano Bandido",
            "hpRestante": 18,
            "mensagem": "Guardião Ancestral Blindado ataca Humano Bandido causando 50 de dano! (Humano Bandido HP: 18/90)",
            "sobreescudoRestante": 0,
          },
        ],
        "eventosEfeitos": [],
        "numeroTurno": 2,
      },
      {
        "ataques": [
          {
            "atacante": "Humano Bandido",
            "cargasSedeSangueBandidoConsumidas": 0,
            "cargasSedeSangueBandidoRestantes": 1,
            "danoBruto": 32,
            "danoEfetivo": 32,
            "danoPorGolpe": 16,
            "defensor": "Guardião Ancestral Blindado",
            "golpes": [
              16,
              16,
            ],
            "habilidadeAcionada": "Rajada de Golpes",
            "hpRestante": 24930,
            "ignorarDefesaFisicaPercentual": 0,
            "mensagem": "Humano Bandido ataca Guardião Ancestral Blindado [Rajada de Golpes] causando 32 de dano! (Guardião Ancestral Blindado HP: 24930/25000)",
            "numeroGolpes": 2,
            "sobreescudoRestante": 0,
          },
          {
            "atacante": "Guardião Ancestral Blindado",
            "danoBruto": 50,
            "danoEfetivo": 50,
            "defensor": "Humano Bandido",
            "hpRestante": 0,
            "mensagem": "Guardião Ancestral Blindado ataca Humano Bandido causando 50 de dano! (Humano Bandido HP: 0/90)",
            "sobreescudoRestante": 0,
          },
        ],
        "eventosEfeitos": [],
        "numeroTurno": 3,
      },
    ],
    "mensagens": [
      "Iniciativa: Humano Bandido tem a vantagem e ataca primeiro!",
      "Humano Bandido sucumbiu perante Guardião Ancestral Blindado... A morte cobra seu preço: -50 de ouro. Vitalidade e Mana foram restauradas ao máximo.",
    ],
    "ouroGanho": 0,
    "ouroPerdido": 50,
    "personagemFinal": {
      "hp": 90,
      "hpMax": 90,
      "mana": 80,
      "manaMax": 80,
      "ouro": 50,
    },
    "totalTurnos": 3,
    "vencedor": "monstro",
    "xpGanho": 0,
  },
  {
    "cenario": "humano | profeta | nível 30 vs monstro-sintetico-escudo",
    "logTurnos": [
      {
        "ataques": [
          {
            "atacante": "Humano Profeta",
            "atacanteHpRestante": 99,
            "atacanteManaRestante": 94,
            "cargasFeInabalavelConsumidas": 0,
            "cargasFeInabalavelRestantes": 0,
            "curaHp": 0,
            "curaMana": 0,
            "danoBruto": 14,
            "danoEfetivo": 14,
            "defensor": "Guardião Ancestral Blindado",
            "elemento": "sagrado",
            "habilidadeAcionada": "Luz Sagrada",
            "hpRestante": 24986,
            "mensagem": "Humano Profeta ataca Guardião Ancestral Blindado causando 14 de dano (elemento: sagrado)! (Guardião Ancestral Blindado HP: 24986/25000)",
            "multiplicadorElemental": 1,
            "sobreescudoRestante": 0,
          },
          {
            "atacante": "Guardião Ancestral Blindado",
            "danoBruto": 50,
            "danoEfetivo": 50,
            "defensor": "Humano Profeta",
            "hpRestante": 77,
            "mensagem": "Guardião Ancestral Blindado ataca Humano Profeta causando 50 de dano! (Humano Profeta HP: 77/99)",
            "sobreescudoRestante": 0,
          },
        ],
        "eventosEfeitos": [],
        "numeroTurno": 1,
      },
      {
        "ataques": [
          {
            "atacante": "Humano Profeta",
            "atacanteHpRestante": 77,
            "atacanteManaRestante": 94,
            "cargasFeInabalavelConsumidas": 0,
            "cargasFeInabalavelRestantes": 0,
            "curaHp": 0,
            "curaMana": 0,
            "danoBruto": 14,
            "danoEfetivo": 14,
            "defensor": "Guardião Ancestral Blindado",
            "elemento": "sagrado",
            "habilidadeAcionada": "Luz Sagrada",
            "hpRestante": 24972,
            "mensagem": "Humano Profeta ataca Guardião Ancestral Blindado causando 14 de dano (elemento: sagrado)! (Guardião Ancestral Blindado HP: 24972/25000)",
            "multiplicadorElemental": 1,
            "sobreescudoRestante": 0,
          },
          {
            "atacante": "Guardião Ancestral Blindado",
            "danoBruto": 50,
            "danoEfetivo": 50,
            "defensor": "Humano Profeta",
            "hpRestante": 27,
            "mensagem": "Guardião Ancestral Blindado ataca Humano Profeta causando 50 de dano! (Humano Profeta HP: 27/99)",
            "sobreescudoRestante": 0,
          },
        ],
        "eventosEfeitos": [],
        "numeroTurno": 2,
      },
      {
        "ataques": [
          {
            "atacante": "Humano Profeta",
            "atacanteHpRestante": 41.85,
            "atacanteManaRestante": 94,
            "cargasFeInabalavelConsumidas": 0,
            "cargasFeInabalavelRestantes": 1,
            "curaHp": 14.85,
            "curaMana": 9.4,
            "danoBruto": 0,
            "danoEfetivo": 0,
            "defensor": "Guardião Ancestral Blindado",
            "habilidadeAcionada": "Bênção Divina",
            "hpRestante": 24972,
            "mensagem": "Humano Profeta canaliza [Bênção Divina] restaurando +14.85 HP e +9.4 MP! (Humano Profeta HP: 41.85/99, MP: 94/94)",
            "sobreescudoRestante": 0,
          },
          {
            "atacante": "Guardião Ancestral Blindado",
            "danoBruto": 50,
            "danoEfetivo": 50,
            "defensor": "Humano Profeta",
            "hpRestante": 0,
            "mensagem": "Guardião Ancestral Blindado ataca Humano Profeta causando 50 de dano! (Humano Profeta HP: 0/99)",
            "sobreescudoRestante": 0,
          },
        ],
        "eventosEfeitos": [],
        "numeroTurno": 3,
      },
    ],
    "mensagens": [
      "Iniciativa: Humano Profeta tem a vantagem e ataca primeiro!",
      "Humano Profeta sucumbiu perante Guardião Ancestral Blindado... A morte cobra seu preço: -50 de ouro. Vitalidade e Mana foram restauradas ao máximo.",
    ],
    "ouroGanho": 0,
    "ouroPerdido": 50,
    "personagemFinal": {
      "hp": 99,
      "hpMax": 99,
      "mana": 94,
      "manaMax": 94,
      "ouro": 50,
    },
    "totalTurnos": 3,
    "vencedor": "monstro",
    "xpGanho": 0,
  },
  {
    "cenario": "humano | samurai | nível 30 vs monstro-sintetico-escudo",
    "logTurnos": [
      {
        "ataques": [
          {
            "atacante": "Humano Samurai",
            "bonusSobreescudoCorteDoVazioAtivo": false,
            "cargasFocoAbsolutoConsumidas": 0,
            "cargasFocoAbsolutoRestantes": 0,
            "danoBruto": 19,
            "danoEfetivo": 19,
            "defensor": "Guardião Ancestral Blindado",
            "habilidadeAcionada": "Corte Preciso",
            "hpRestante": 24981,
            "ignorarDefesaFisicaPercentual": 0,
            "mensagem": "Humano Samurai ataca Guardião Ancestral Blindado causando 19 de dano! (Guardião Ancestral Blindado HP: 24981/25000)",
            "sobreescudoRestante": 0,
          },
          {
            "atacante": "Guardião Ancestral Blindado",
            "danoBruto": 50,
            "danoEfetivo": 50,
            "defensor": "Humano Samurai",
            "hpRestante": 68,
            "mensagem": "Guardião Ancestral Blindado ataca Humano Samurai causando 50 de dano! (Humano Samurai HP: 68/90)",
            "sobreescudoRestante": 0,
          },
        ],
        "eventosEfeitos": [],
        "numeroTurno": 1,
      },
      {
        "ataques": [
          {
            "atacante": "Humano Samurai",
            "bonusSobreescudoCorteDoVazioAtivo": false,
            "cargasFocoAbsolutoConsumidas": 0,
            "cargasFocoAbsolutoRestantes": 0,
            "danoBruto": 19,
            "danoEfetivo": 19,
            "defensor": "Guardião Ancestral Blindado",
            "habilidadeAcionada": "Corte Preciso",
            "hpRestante": 24962,
            "ignorarDefesaFisicaPercentual": 0,
            "mensagem": "Humano Samurai ataca Guardião Ancestral Blindado causando 19 de dano! (Guardião Ancestral Blindado HP: 24962/25000)",
            "sobreescudoRestante": 0,
          },
          {
            "atacante": "Guardião Ancestral Blindado",
            "danoBruto": 50,
            "danoEfetivo": 50,
            "defensor": "Humano Samurai",
            "hpRestante": 18,
            "mensagem": "Guardião Ancestral Blindado ataca Humano Samurai causando 50 de dano! (Humano Samurai HP: 18/90)",
            "sobreescudoRestante": 0,
          },
        ],
        "eventosEfeitos": [],
        "numeroTurno": 2,
      },
      {
        "ataques": [
          {
            "atacante": "Humano Samurai",
            "bonusSobreescudoCorteDoVazioAtivo": false,
            "cargasFocoAbsolutoConsumidas": 0,
            "cargasFocoAbsolutoRestantes": 1,
            "danoBruto": 42,
            "danoEfetivo": 42,
            "defensor": "Guardião Ancestral Blindado",
            "habilidadeAcionada": "Iaijutsu",
            "hpRestante": 24920,
            "ignorarDefesaFisicaPercentual": 10,
            "mensagem": "Humano Samurai ataca Guardião Ancestral Blindado [Iaijutsu] causando 42 de dano! (Guardião Ancestral Blindado HP: 24920/25000)",
            "sobreescudoRestante": 0,
          },
          {
            "atacante": "Guardião Ancestral Blindado",
            "danoBruto": 50,
            "danoEfetivo": 50,
            "defensor": "Humano Samurai",
            "hpRestante": 0,
            "mensagem": "Guardião Ancestral Blindado ataca Humano Samurai causando 50 de dano! (Humano Samurai HP: 0/90)",
            "sobreescudoRestante": 0,
          },
        ],
        "eventosEfeitos": [],
        "numeroTurno": 3,
      },
    ],
    "mensagens": [
      "Iniciativa: Humano Samurai tem a vantagem e ataca primeiro!",
      "Humano Samurai sucumbiu perante Guardião Ancestral Blindado... A morte cobra seu preço: -50 de ouro. Vitalidade e Mana foram restauradas ao máximo.",
    ],
    "ouroGanho": 0,
    "ouroPerdido": 50,
    "personagemFinal": {
      "hp": 90,
      "hpMax": 90,
      "mana": 80,
      "manaMax": 80,
      "ouro": 50,
    },
    "totalTurnos": 3,
    "vencedor": "monstro",
    "xpGanho": 0,
  },
]
`;
