// Vitest Snapshot v1, https://vitest.dev/guide/snapshot.html

exports[`ORDEM 48C.1 — Snapshot de Ultimates do Motor de Combate (7º Ataque Básico) > fotografia determinística dos 10 primeiros ataques básicos das 6 classes (nível 30) acionando suas ultimates 1`] = `
[
  {
    "cenario": "humano | barbaro | nível 30 vs monstro-sintetico-ultimate",
    "classeId": "barbaro",
    "classeNome": "Bárbaro",
    "indiceAtaqueUltimate": 7,
    "primeiros10AtaquesBasicos": [
      {
        "atacante": "Humano Bárbaro",
        "danoBruto": 18,
        "danoEfetivo": 18,
        "defensor": "Colosso de Treino Eterno",
        "habilidadeAcionada": "Golpe Bárbaro",
        "hpRestante": 99982,
        "instintoSobrevivenciaAtivo": false,
        "iraAbaixo30Ativo": false,
        "mensagem": "Humano Bárbaro ataca Colosso de Treino Eterno (Ataque 1/2 - Agilidade Superior) causando 18 de dano! (Colosso de Treino Eterno HP: 99982/100000)",
        "sobreescudoRestante": 0,
      },
      {
        "atacante": "Humano Bárbaro",
        "danoBruto": 18,
        "danoEfetivo": 18,
        "defensor": "Colosso de Treino Eterno",
        "habilidadeAcionada": "Golpe Bárbaro",
        "hpRestante": 99964,
        "instintoSobrevivenciaAtivo": false,
        "iraAbaixo30Ativo": false,
        "mensagem": "Humano Bárbaro ataca Colosso de Treino Eterno (Ataque 2/2 - Agilidade Superior) causando 18 de dano! (Colosso de Treino Eterno HP: 99964/100000)",
        "sobreescudoRestante": 0,
      },
      {
        "atacante": "Humano Bárbaro",
        "danoBruto": 23,
        "danoEfetivo": 23,
        "defensor": "Colosso de Treino Eterno",
        "habilidadeAcionada": "Fúria Selvagem",
        "hpRestante": 99941,
        "instintoSobrevivenciaAtivo": false,
        "iraAbaixo30Ativo": false,
        "mensagem": "Humano Bárbaro ataca Colosso de Treino Eterno [Fúria Selvagem] (Ataque 1/2 - Agilidade Superior) causando 23 de dano! (Colosso de Treino Eterno HP: 99941/100000)",
        "sobreescudoRestante": 0,
      },
      {
        "atacante": "Humano Bárbaro",
        "danoBruto": 18,
        "danoEfetivo": 18,
        "defensor": "Colosso de Treino Eterno",
        "habilidadeAcionada": "Golpe Bárbaro",
        "hpRestante": 99923,
        "instintoSobrevivenciaAtivo": false,
        "iraAbaixo30Ativo": false,
        "mensagem": "Humano Bárbaro ataca Colosso de Treino Eterno (Ataque 2/2 - Agilidade Superior) causando 18 de dano! (Colosso de Treino Eterno HP: 99923/100000)",
        "sobreescudoRestante": 0,
      },
      {
        "atacante": "Humano Bárbaro",
        "danoBruto": 18,
        "danoEfetivo": 18,
        "defensor": "Colosso de Treino Eterno",
        "habilidadeAcionada": "Golpe Bárbaro",
        "hpRestante": 99905,
        "instintoSobrevivenciaAtivo": false,
        "iraAbaixo30Ativo": false,
        "mensagem": "Humano Bárbaro ataca Colosso de Treino Eterno (Ataque 1/2 - Agilidade Superior) causando 18 de dano! (Colosso de Treino Eterno HP: 99905/100000)",
        "sobreescudoRestante": 0,
      },
      {
        "atacante": "Humano Bárbaro",
        "danoBruto": 23,
        "danoEfetivo": 23,
        "defensor": "Colosso de Treino Eterno",
        "habilidadeAcionada": "Fúria Selvagem",
        "hpRestante": 99882,
        "instintoSobrevivenciaAtivo": false,
        "iraAbaixo30Ativo": false,
        "mensagem": "Humano Bárbaro ataca Colosso de Treino Eterno [Fúria Selvagem] (Ataque 2/2 - Agilidade Superior) causando 23 de dano! (Colosso de Treino Eterno HP: 99882/100000)",
        "sobreescudoRestante": 0,
      },
      {
        "atacante": "Humano Bárbaro",
        "danoBruto": 30,
        "danoEfetivo": 30,
        "defensor": "Colosso de Treino Eterno",
        "habilidadeAcionada": "Ira do Bárbaro",
        "hpRestante": 99852,
        "instintoSobrevivenciaAtivo": false,
        "iraAbaixo30Ativo": false,
        "mensagem": "Humano Bárbaro ataca Colosso de Treino Eterno [Ira do Bárbaro] (Ataque 1/2 - Agilidade Superior) causando 30 de dano! (Colosso de Treino Eterno HP: 99852/100000)",
        "sobreescudoRestante": 0,
      },
      {
        "atacante": "Humano Bárbaro",
        "danoBruto": 18,
        "danoEfetivo": 18,
        "defensor": "Colosso de Treino Eterno",
        "habilidadeAcionada": "Golpe Bárbaro",
        "hpRestante": 99834,
        "instintoSobrevivenciaAtivo": false,
        "iraAbaixo30Ativo": false,
        "mensagem": "Humano Bárbaro ataca Colosso de Treino Eterno (Ataque 2/2 - Agilidade Superior) causando 18 de dano! (Colosso de Treino Eterno HP: 99834/100000)",
        "sobreescudoRestante": 0,
      },
      {
        "atacante": "Humano Bárbaro",
        "danoBruto": 23,
        "danoEfetivo": 23,
        "defensor": "Colosso de Treino Eterno",
        "habilidadeAcionada": "Fúria Selvagem",
        "hpRestante": 99811,
        "instintoSobrevivenciaAtivo": false,
        "iraAbaixo30Ativo": false,
        "mensagem": "Humano Bárbaro ataca Colosso de Treino Eterno [Fúria Selvagem] (Ataque 1/2 - Agilidade Superior) causando 23 de dano! (Colosso de Treino Eterno HP: 99811/100000)",
        "sobreescudoRestante": 0,
      },
      {
        "atacante": "Humano Bárbaro",
        "danoBruto": 18,
        "danoEfetivo": 18,
        "defensor": "Colosso de Treino Eterno",
        "habilidadeAcionada": "Golpe Bárbaro",
        "hpRestante": 99793,
        "instintoSobrevivenciaAtivo": false,
        "iraAbaixo30Ativo": false,
        "mensagem": "Humano Bárbaro ataca Colosso de Treino Eterno (Ataque 2/2 - Agilidade Superior) causando 18 de dano! (Colosso de Treino Eterno HP: 99793/100000)",
        "sobreescudoRestante": 0,
      },
    ],
    "ultimateEsperada": "Ira do Bárbaro",
  },
  {
    "cenario": "humano | cavaleiro | nível 30 vs monstro-sintetico-ultimate",
    "classeId": "cavaleiro",
    "classeNome": "Cavaleiro",
    "indiceAtaqueUltimate": 7,
    "primeiros10AtaquesBasicos": [
      {
        "atacante": "Humano Cavaleiro",
        "danoBruto": 17,
        "danoEfetivo": 17,
        "defensor": "Colosso de Treino Eterno",
        "habilidadeAcionada": "Golpe do Guardião",
        "hpRestante": 99983,
        "mensagem": "Humano Cavaleiro ataca Colosso de Treino Eterno (Ataque 1/2 - Agilidade Superior) causando 17 de dano! (Colosso de Treino Eterno HP: 99983/100000)",
        "sobreescudoRestante": 0,
      },
      {
        "atacante": "Humano Cavaleiro",
        "danoBruto": 17,
        "danoEfetivo": 17,
        "defensor": "Colosso de Treino Eterno",
        "habilidadeAcionada": "Golpe do Guardião",
        "hpRestante": 99966,
        "mensagem": "Humano Cavaleiro ataca Colosso de Treino Eterno (Ataque 2/2 - Agilidade Superior) causando 17 de dano! (Colosso de Treino Eterno HP: 99966/100000)",
        "sobreescudoRestante": 0,
      },
      {
        "atacante": "Humano Cavaleiro",
        "danoBruto": 17,
        "danoEfetivo": 17,
        "defensor": "Colosso de Treino Eterno",
        "habilidadeAcionada": "Postura do Guardião",
        "hpRestante": 99949,
        "mensagem": "Humano Cavaleiro ataca Colosso de Treino Eterno [Postura do Guardião] (Ataque 1/2 - Agilidade Superior) causando 17 de dano! (Colosso de Treino Eterno HP: 99949/100000)",
        "sobreescudoRestante": 0,
      },
      {
        "atacante": "Humano Cavaleiro",
        "danoBruto": 17,
        "danoEfetivo": 17,
        "defensor": "Colosso de Treino Eterno",
        "habilidadeAcionada": "Golpe do Guardião",
        "hpRestante": 99932,
        "mensagem": "Humano Cavaleiro ataca Colosso de Treino Eterno (Ataque 2/2 - Agilidade Superior) causando 17 de dano! (Colosso de Treino Eterno HP: 99932/100000)",
        "sobreescudoRestante": 0,
      },
      {
        "atacante": "Humano Cavaleiro",
        "danoBruto": 17,
        "danoEfetivo": 17,
        "defensor": "Colosso de Treino Eterno",
        "habilidadeAcionada": "Golpe do Guardião",
        "hpRestante": 99915,
        "mensagem": "Humano Cavaleiro ataca Colosso de Treino Eterno (Ataque 1/2 - Agilidade Superior) causando 17 de dano! (Colosso de Treino Eterno HP: 99915/100000)",
        "sobreescudoRestante": 0,
      },
      {
        "atacante": "Humano Cavaleiro",
        "danoBruto": 17,
        "danoEfetivo": 17,
        "defensor": "Colosso de Treino Eterno",
        "habilidadeAcionada": "Postura do Guardião",
        "hpRestante": 99898,
        "mensagem": "Humano Cavaleiro ataca Colosso de Treino Eterno [Postura do Guardião] (Ataque 2/2 - Agilidade Superior) causando 17 de dano! (Colosso de Treino Eterno HP: 99898/100000)",
        "sobreescudoRestante": 0,
      },
      {
        "atacante": "Humano Cavaleiro",
        "danoBruto": 17,
        "danoEfetivo": 17,
        "defensor": "Colosso de Treino Eterno",
        "habilidadeAcionada": "Juramento do Guardião",
        "hpRestante": 99881,
        "mensagem": "Humano Cavaleiro ataca Colosso de Treino Eterno [Juramento do Guardião] (Ataque 1/2 - Agilidade Superior) causando 17 de dano! (Colosso de Treino Eterno HP: 99881/100000)",
        "sobreescudoRestante": 0,
      },
      {
        "atacante": "Humano Cavaleiro",
        "danoBruto": 17,
        "danoEfetivo": 17,
        "defensor": "Colosso de Treino Eterno",
        "habilidadeAcionada": "Golpe do Guardião",
        "hpRestante": 99864,
        "mensagem": "Humano Cavaleiro ataca Colosso de Treino Eterno (Ataque 2/2 - Agilidade Superior) causando 17 de dano! (Colosso de Treino Eterno HP: 99864/100000)",
        "sobreescudoRestante": 0,
      },
      {
        "atacante": "Humano Cavaleiro",
        "danoBruto": 17,
        "danoEfetivo": 17,
        "defensor": "Colosso de Treino Eterno",
        "habilidadeAcionada": "Postura do Guardião",
        "hpRestante": 99847,
        "mensagem": "Humano Cavaleiro ataca Colosso de Treino Eterno [Postura do Guardião] (Ataque 1/2 - Agilidade Superior) causando 17 de dano! (Colosso de Treino Eterno HP: 99847/100000)",
        "sobreescudoRestante": 0,
      },
      {
        "atacante": "Humano Cavaleiro",
        "danoBruto": 17,
        "danoEfetivo": 17,
        "defensor": "Colosso de Treino Eterno",
        "habilidadeAcionada": "Golpe do Guardião",
        "hpRestante": 99830,
        "mensagem": "Humano Cavaleiro ataca Colosso de Treino Eterno (Ataque 2/2 - Agilidade Superior) causando 17 de dano! (Colosso de Treino Eterno HP: 99830/100000)",
        "sobreescudoRestante": 0,
      },
    ],
    "ultimateEsperada": "Juramento do Guardião",
  },
  {
    "cenario": "humano | feiticeiro | nível 30 vs monstro-sintetico-ultimate",
    "classeId": "feiticeiro",
    "classeNome": "Feiticeiro",
    "indiceAtaqueUltimate": 7,
    "primeiros10AtaquesBasicos": [
      {
        "atacante": "Humano Feiticeiro",
        "bonusSobreescudoCataclismoAtivo": false,
        "cargasAcumuloConsumidas": 0,
        "cargasAcumuloRestantes": 0,
        "danoBruto": 16,
        "danoEfetivo": 16,
        "defensor": "Colosso de Treino Eterno",
        "habilidadeAcionada": "Faísca Arcana",
        "hpRestante": 99984,
        "mensagem": "Humano Feiticeiro ataca Colosso de Treino Eterno (Ataque 1/2 - Agilidade Superior) causando 16 de dano! (Colosso de Treino Eterno HP: 99984/100000)",
        "sobreescudoRestante": 0,
      },
      {
        "atacante": "Humano Feiticeiro",
        "bonusSobreescudoCataclismoAtivo": false,
        "cargasAcumuloConsumidas": 0,
        "cargasAcumuloRestantes": 0,
        "danoBruto": 16,
        "danoEfetivo": 16,
        "defensor": "Colosso de Treino Eterno",
        "habilidadeAcionada": "Faísca Arcana",
        "hpRestante": 99968,
        "mensagem": "Humano Feiticeiro ataca Colosso de Treino Eterno (Ataque 2/2 - Agilidade Superior) causando 16 de dano! (Colosso de Treino Eterno HP: 99968/100000)",
        "sobreescudoRestante": 0,
      },
      {
        "atacante": "Humano Feiticeiro",
        "bonusSobreescudoCataclismoAtivo": false,
        "cargasAcumuloConsumidas": 0,
        "cargasAcumuloRestantes": 1,
        "danoBruto": 31,
        "danoEfetivo": 31,
        "defensor": "Colosso de Treino Eterno",
        "habilidadeAcionada": "Explosão Arcana",
        "hpRestante": 99937,
        "mensagem": "Humano Feiticeiro ataca Colosso de Treino Eterno [Explosão Arcana] (Ataque 1/2 - Agilidade Superior) causando 31 de dano! (Colosso de Treino Eterno HP: 99937/100000)",
        "sobreescudoRestante": 0,
      },
      {
        "atacante": "Humano Feiticeiro",
        "bonusSobreescudoCataclismoAtivo": false,
        "cargasAcumuloConsumidas": 1,
        "cargasAcumuloRestantes": 0,
        "danoBruto": 17,
        "danoEfetivo": 17,
        "defensor": "Colosso de Treino Eterno",
        "habilidadeAcionada": "Faísca Arcana",
        "hpRestante": 99920,
        "mensagem": "Humano Feiticeiro ataca Colosso de Treino Eterno (Ataque 2/2 - Agilidade Superior) causando 17 de dano! (Colosso de Treino Eterno HP: 99920/100000)",
        "sobreescudoRestante": 0,
      },
      {
        "atacante": "Humano Feiticeiro",
        "bonusSobreescudoCataclismoAtivo": false,
        "cargasAcumuloConsumidas": 0,
        "cargasAcumuloRestantes": 0,
        "danoBruto": 16,
        "danoEfetivo": 16,
        "defensor": "Colosso de Treino Eterno",
        "habilidadeAcionada": "Faísca Arcana",
        "hpRestante": 99904,
        "mensagem": "Humano Feiticeiro ataca Colosso de Treino Eterno (Ataque 1/2 - Agilidade Superior) causando 16 de dano! (Colosso de Treino Eterno HP: 99904/100000)",
        "sobreescudoRestante": 0,
      },
      {
        "atacante": "Humano Feiticeiro",
        "bonusSobreescudoCataclismoAtivo": false,
        "cargasAcumuloConsumidas": 0,
        "cargasAcumuloRestantes": 1,
        "danoBruto": 31,
        "danoEfetivo": 31,
        "defensor": "Colosso de Treino Eterno",
        "habilidadeAcionada": "Explosão Arcana",
        "hpRestante": 99873,
        "mensagem": "Humano Feiticeiro ataca Colosso de Treino Eterno [Explosão Arcana] (Ataque 2/2 - Agilidade Superior) causando 31 de dano! (Colosso de Treino Eterno HP: 99873/100000)",
        "sobreescudoRestante": 0,
      },
      {
        "atacante": "Humano Feiticeiro",
        "bonusSobreescudoCataclismoAtivo": false,
        "cargasAcumuloConsumidas": 1,
        "cargasAcumuloRestantes": 0,
        "danoBruto": 68,
        "danoEfetivo": 68,
        "defensor": "Colosso de Treino Eterno",
        "habilidadeAcionada": "Cataclismo Arcano",
        "hpRestante": 99805,
        "mensagem": "Humano Feiticeiro ataca Colosso de Treino Eterno [Cataclismo Arcano] (Ataque 1/2 - Agilidade Superior) causando 68 de dano! (Colosso de Treino Eterno HP: 99805/100000)",
        "sobreescudoRestante": 0,
      },
      {
        "atacante": "Humano Feiticeiro",
        "bonusSobreescudoCataclismoAtivo": false,
        "cargasAcumuloConsumidas": 0,
        "cargasAcumuloRestantes": 0,
        "danoBruto": 16,
        "danoEfetivo": 16,
        "defensor": "Colosso de Treino Eterno",
        "habilidadeAcionada": "Faísca Arcana",
        "hpRestante": 99789,
        "mensagem": "Humano Feiticeiro ataca Colosso de Treino Eterno (Ataque 2/2 - Agilidade Superior) causando 16 de dano! (Colosso de Treino Eterno HP: 99789/100000)",
        "sobreescudoRestante": 0,
      },
      {
        "atacante": "Humano Feiticeiro",
        "bonusSobreescudoCataclismoAtivo": false,
        "cargasAcumuloConsumidas": 0,
        "cargasAcumuloRestantes": 1,
        "danoBruto": 31,
        "danoEfetivo": 31,
        "defensor": "Colosso de Treino Eterno",
        "habilidadeAcionada": "Explosão Arcana",
        "hpRestante": 99758,
        "mensagem": "Humano Feiticeiro ataca Colosso de Treino Eterno [Explosão Arcana] (Ataque 1/2 - Agilidade Superior) causando 31 de dano! (Colosso de Treino Eterno HP: 99758/100000)",
        "sobreescudoRestante": 0,
      },
      {
        "atacante": "Humano Feiticeiro",
        "bonusSobreescudoCataclismoAtivo": false,
        "cargasAcumuloConsumidas": 1,
        "cargasAcumuloRestantes": 0,
        "danoBruto": 17,
        "danoEfetivo": 17,
        "defensor": "Colosso de Treino Eterno",
        "habilidadeAcionada": "Faísca Arcana",
        "hpRestante": 99741,
        "mensagem": "Humano Feiticeiro ataca Colosso de Treino Eterno (Ataque 2/2 - Agilidade Superior) causando 17 de dano! (Colosso de Treino Eterno HP: 99741/100000)",
        "sobreescudoRestante": 0,
      },
    ],
    "ultimateEsperada": "Cataclismo Arcano",
  },
  {
    "cenario": "humano | bandido | nível 30 vs monstro-sintetico-ultimate",
    "classeId": "bandido",
    "classeNome": "Bandido",
    "indiceAtaqueUltimate": 7,
    "primeiros10AtaquesBasicos": [
      {
        "atacante": "Humano Bandido",
        "cargasSedeSangueBandidoConsumidas": 0,
        "cargasSedeSangueBandidoRestantes": 0,
        "danoBruto": 19,
        "danoEfetivo": 19,
        "danoPorGolpe": 19,
        "defensor": "Colosso de Treino Eterno",
        "golpes": [
          19,
        ],
        "habilidadeAcionada": "Golpe Rápido",
        "hpRestante": 99981,
        "ignorarDefesaFisicaPercentual": 0,
        "mensagem": "Humano Bandido ataca Colosso de Treino Eterno (Ataque 1/2 - Agilidade Superior) causando 19 de dano! (Colosso de Treino Eterno HP: 99981/100000)",
        "numeroGolpes": 1,
        "sobreescudoRestante": 0,
      },
      {
        "atacante": "Humano Bandido",
        "cargasSedeSangueBandidoConsumidas": 0,
        "cargasSedeSangueBandidoRestantes": 0,
        "danoBruto": 19,
        "danoEfetivo": 19,
        "danoPorGolpe": 19,
        "defensor": "Colosso de Treino Eterno",
        "golpes": [
          19,
        ],
        "habilidadeAcionada": "Golpe Rápido",
        "hpRestante": 99962,
        "ignorarDefesaFisicaPercentual": 0,
        "mensagem": "Humano Bandido ataca Colosso de Treino Eterno (Ataque 2/2 - Agilidade Superior) causando 19 de dano! (Colosso de Treino Eterno HP: 99962/100000)",
        "numeroGolpes": 1,
        "sobreescudoRestante": 0,
      },
      {
        "atacante": "Humano Bandido",
        "cargasSedeSangueBandidoConsumidas": 0,
        "cargasSedeSangueBandidoRestantes": 1,
        "danoBruto": 32,
        "danoEfetivo": 32,
        "danoPorGolpe": 16,
        "defensor": "Colosso de Treino Eterno",
        "golpes": [
          16,
          16,
        ],
        "habilidadeAcionada": "Rajada de Golpes",
        "hpRestante": 99930,
        "ignorarDefesaFisicaPercentual": 0,
        "mensagem": "Humano Bandido ataca Colosso de Treino Eterno [Rajada de Golpes] (Ataque 1/2 - Agilidade Superior) causando 32 de dano! (Colosso de Treino Eterno HP: 99930/100000)",
        "numeroGolpes": 2,
        "sobreescudoRestante": 0,
      },
      {
        "atacante": "Humano Bandido",
        "cargasSedeSangueBandidoConsumidas": 0,
        "cargasSedeSangueBandidoRestantes": 1,
        "danoBruto": 19,
        "danoEfetivo": 19,
        "danoPorGolpe": 19,
        "defensor": "Colosso de Treino Eterno",
        "golpes": [
          19,
        ],
        "habilidadeAcionada": "Golpe Rápido",
        "hpRestante": 99911,
        "ignorarDefesaFisicaPercentual": 0,
        "mensagem": "Humano Bandido ataca Colosso de Treino Eterno (Ataque 2/2 - Agilidade Superior) causando 19 de dano! (Colosso de Treino Eterno HP: 99911/100000)",
        "numeroGolpes": 1,
        "sobreescudoRestante": 0,
      },
      {
        "atacante": "Humano Bandido",
        "cargasSedeSangueBandidoConsumidas": 0,
        "cargasSedeSangueBandidoRestantes": 1,
        "danoBruto": 19,
        "danoEfetivo": 19,
        "danoPorGolpe": 19,
        "defensor": "Colosso de Treino Eterno",
        "golpes": [
          19,
        ],
        "habilidadeAcionada": "Golpe Rápido",
        "hpRestante": 99892,
        "ignorarDefesaFisicaPercentual": 0,
        "mensagem": "Humano Bandido ataca Colosso de Treino Eterno (Ataque 1/2 - Agilidade Superior) causando 19 de dano! (Colosso de Treino Eterno HP: 99892/100000)",
        "numeroGolpes": 1,
        "sobreescudoRestante": 0,
      },
      {
        "atacante": "Humano Bandido",
        "cargasSedeSangueBandidoConsumidas": 1,
        "cargasSedeSangueBandidoRestantes": 1,
        "danoBruto": 32,
        "danoEfetivo": 32,
        "danoPorGolpe": 16,
        "defensor": "Colosso de Treino Eterno",
        "golpes": [
          16,
          16,
        ],
        "habilidadeAcionada": "Rajada de Golpes",
        "hpRestante": 99860,
        "ignorarDefesaFisicaPercentual": 0,
        "mensagem": "Humano Bandido ataca Colosso de Treino Eterno [Rajada de Golpes] (Ataque 2/2 - Agilidade Superior) causando 32 de dano! (Colosso de Treino Eterno HP: 99860/100000)",
        "numeroGolpes": 2,
        "sobreescudoRestante": 0,
      },
      {
        "atacante": "Humano Bandido",
        "cargasSedeSangueBandidoConsumidas": 1,
        "cargasSedeSangueBandidoRestantes": 0,
        "danoBruto": 75,
        "danoEfetivo": 75,
        "danoPorGolpe": 15,
        "defensor": "Colosso de Treino Eterno",
        "golpes": [
          15,
          15,
          15,
          15,
          15,
        ],
        "habilidadeAcionada": "Dança das Lâminas",
        "hpRestante": 99785,
        "ignorarDefesaFisicaPercentual": 5,
        "mensagem": "Humano Bandido ataca Colosso de Treino Eterno [Dança das Lâminas] (Ataque 1/2 - Agilidade Superior) causando 75 de dano! (Colosso de Treino Eterno HP: 99785/100000)",
        "numeroGolpes": 5,
        "sobreescudoRestante": 0,
      },
      {
        "atacante": "Humano Bandido",
        "cargasSedeSangueBandidoConsumidas": 0,
        "cargasSedeSangueBandidoRestantes": 0,
        "danoBruto": 19,
        "danoEfetivo": 19,
        "danoPorGolpe": 19,
        "defensor": "Colosso de Treino Eterno",
        "golpes": [
          19,
        ],
        "habilidadeAcionada": "Golpe Rápido",
        "hpRestante": 99766,
        "ignorarDefesaFisicaPercentual": 0,
        "mensagem": "Humano Bandido ataca Colosso de Treino Eterno (Ataque 2/2 - Agilidade Superior) causando 19 de dano! (Colosso de Treino Eterno HP: 99766/100000)",
        "numeroGolpes": 1,
        "sobreescudoRestante": 0,
      },
      {
        "atacante": "Humano Bandido",
        "cargasSedeSangueBandidoConsumidas": 0,
        "cargasSedeSangueBandidoRestantes": 1,
        "danoBruto": 32,
        "danoEfetivo": 32,
        "danoPorGolpe": 16,
        "defensor": "Colosso de Treino Eterno",
        "golpes": [
          16,
          16,
        ],
        "habilidadeAcionada": "Rajada de Golpes",
        "hpRestante": 99734,
        "ignorarDefesaFisicaPercentual": 0,
        "mensagem": "Humano Bandido ataca Colosso de Treino Eterno [Rajada de Golpes] (Ataque 1/2 - Agilidade Superior) causando 32 de dano! (Colosso de Treino Eterno HP: 99734/100000)",
        "numeroGolpes": 2,
        "sobreescudoRestante": 0,
      },
      {
        "atacante": "Humano Bandido",
        "cargasSedeSangueBandidoConsumidas": 0,
        "cargasSedeSangueBandidoRestantes": 1,
        "danoBruto": 19,
        "danoEfetivo": 19,
        "danoPorGolpe": 19,
        "defensor": "Colosso de Treino Eterno",
        "golpes": [
          19,
        ],
        "habilidadeAcionada": "Golpe Rápido",
        "hpRestante": 99715,
        "ignorarDefesaFisicaPercentual": 0,
        "mensagem": "Humano Bandido ataca Colosso de Treino Eterno (Ataque 2/2 - Agilidade Superior) causando 19 de dano! (Colosso de Treino Eterno HP: 99715/100000)",
        "numeroGolpes": 1,
        "sobreescudoRestante": 0,
      },
    ],
    "ultimateEsperada": "Dança das Lâminas",
  },
  {
    "cenario": "humano | profeta | nível 30 vs monstro-sintetico-ultimate",
    "classeId": "profeta",
    "classeNome": "Profeta",
    "indiceAtaqueUltimate": 7,
    "primeiros10AtaquesBasicos": [
      {
        "atacante": "Humano Profeta",
        "atacanteHpRestante": 99,
        "cargasFeInabalavelConsumidas": 0,
        "cargasFeInabalavelRestantes": 0,
        "curaHp": 0,
        "danoBruto": 14,
        "danoEfetivo": 14,
        "defensor": "Colosso de Treino Eterno",
        "elemento": "sagrado",
        "habilidadeAcionada": "Luz Sagrada",
        "hpRestante": 99986,
        "mensagem": "Humano Profeta ataca Colosso de Treino Eterno (Ataque 1/2 - Agilidade Superior) causando 14 de dano (elemento: sagrado)! (Colosso de Treino Eterno HP: 99986/100000)",
        "multiplicadorElemental": 1,
        "sobreescudoRestante": 0,
      },
      {
        "atacante": "Humano Profeta",
        "atacanteHpRestante": 99,
        "cargasFeInabalavelConsumidas": 0,
        "cargasFeInabalavelRestantes": 0,
        "curaHp": 0,
        "danoBruto": 14,
        "danoEfetivo": 14,
        "defensor": "Colosso de Treino Eterno",
        "elemento": "sagrado",
        "habilidadeAcionada": "Luz Sagrada",
        "hpRestante": 99972,
        "mensagem": "Humano Profeta ataca Colosso de Treino Eterno (Ataque 2/2 - Agilidade Superior) causando 14 de dano (elemento: sagrado)! (Colosso de Treino Eterno HP: 99972/100000)",
        "multiplicadorElemental": 1,
        "sobreescudoRestante": 0,
      },
      {
        "atacante": "Humano Profeta",
        "atacanteHpRestante": 99,
        "cargasFeInabalavelConsumidas": 0,
        "cargasFeInabalavelRestantes": 1,
        "curaHp": 14.85,
        "danoBruto": 0,
        "danoEfetivo": 0,
        "defensor": "Colosso de Treino Eterno",
        "habilidadeAcionada": "Bênção Divina",
        "hpRestante": 99972,
        "mensagem": "Humano Profeta canaliza [Bênção Divina] (Ataque 1/2 - Agilidade Superior) restaurando +14.85 HP! (Humano Profeta HP: 99/99)",
        "sobreescudoRestante": 0,
      },
      {
        "atacante": "Humano Profeta",
        "atacanteHpRestante": 99,
        "cargasFeInabalavelConsumidas": 0,
        "cargasFeInabalavelRestantes": 1,
        "curaHp": 0,
        "danoBruto": 14,
        "danoEfetivo": 14,
        "defensor": "Colosso de Treino Eterno",
        "elemento": "sagrado",
        "habilidadeAcionada": "Luz Sagrada",
        "hpRestante": 99958,
        "mensagem": "Humano Profeta ataca Colosso de Treino Eterno (Ataque 2/2 - Agilidade Superior) causando 14 de dano (elemento: sagrado)! (Colosso de Treino Eterno HP: 99958/100000)",
        "multiplicadorElemental": 1,
        "sobreescudoRestante": 0,
      },
      {
        "atacante": "Humano Profeta",
        "atacanteHpRestante": 99,
        "cargasFeInabalavelConsumidas": 0,
        "cargasFeInabalavelRestantes": 1,
        "curaHp": 0,
        "danoBruto": 14,
        "danoEfetivo": 14,
        "defensor": "Colosso de Treino Eterno",
        "elemento": "sagrado",
        "habilidadeAcionada": "Luz Sagrada",
        "hpRestante": 99944,
        "mensagem": "Humano Profeta ataca Colosso de Treino Eterno (Ataque 1/2 - Agilidade Superior) causando 14 de dano (elemento: sagrado)! (Colosso de Treino Eterno HP: 99944/100000)",
        "multiplicadorElemental": 1,
        "sobreescudoRestante": 0,
      },
      {
        "atacante": "Humano Profeta",
        "atacanteHpRestante": 99,
        "cargasFeInabalavelConsumidas": 1,
        "cargasFeInabalavelRestantes": 1,
        "curaHp": 17.0775,
        "danoBruto": 0,
        "danoEfetivo": 0,
        "defensor": "Colosso de Treino Eterno",
        "habilidadeAcionada": "Bênção Divina",
        "hpRestante": 99944,
        "mensagem": "Humano Profeta canaliza [Bênção Divina] (Ataque 2/2 - Agilidade Superior) restaurando +17.0775 HP! (Humano Profeta HP: 99/99)",
        "sobreescudoRestante": 0,
      },
      {
        "atacante": "Humano Profeta",
        "atacanteHpRestante": 99,
        "cargasFeInabalavelConsumidas": 1,
        "cargasFeInabalavelRestantes": 0,
        "curaHp": 34.155,
        "danoBruto": 21,
        "danoEfetivo": 21,
        "defensor": "Colosso de Treino Eterno",
        "elemento": "sagrado",
        "habilidadeAcionada": "Milagre Divino",
        "hpRestante": 99923,
        "mensagem": "Humano Profeta ataca Colosso de Treino Eterno [Milagre Divino] (Ataque 1/2 - Agilidade Superior) causando 21 de dano (elemento: sagrado)! (Colosso de Treino Eterno HP: 99923/100000)",
        "multiplicadorElemental": 1,
        "sobreescudoRestante": 0,
      },
      {
        "atacante": "Humano Profeta",
        "atacanteHpRestante": 99,
        "cargasFeInabalavelConsumidas": 0,
        "cargasFeInabalavelRestantes": 0,
        "curaHp": 0,
        "danoBruto": 14,
        "danoEfetivo": 14,
        "defensor": "Colosso de Treino Eterno",
        "elemento": "sagrado",
        "habilidadeAcionada": "Luz Sagrada",
        "hpRestante": 99909,
        "mensagem": "Humano Profeta ataca Colosso de Treino Eterno (Ataque 2/2 - Agilidade Superior) causando 14 de dano (elemento: sagrado)! (Colosso de Treino Eterno HP: 99909/100000)",
        "multiplicadorElemental": 1,
        "sobreescudoRestante": 0,
      },
      {
        "atacante": "Humano Profeta",
        "atacanteHpRestante": 99,
        "cargasFeInabalavelConsumidas": 0,
        "cargasFeInabalavelRestantes": 1,
        "curaHp": 14.85,
        "danoBruto": 0,
        "danoEfetivo": 0,
        "defensor": "Colosso de Treino Eterno",
        "habilidadeAcionada": "Bênção Divina",
        "hpRestante": 99909,
        "mensagem": "Humano Profeta canaliza [Bênção Divina] (Ataque 1/2 - Agilidade Superior) restaurando +14.85 HP! (Humano Profeta HP: 99/99)",
        "sobreescudoRestante": 0,
      },
      {
        "atacante": "Humano Profeta",
        "atacanteHpRestante": 99,
        "cargasFeInabalavelConsumidas": 0,
        "cargasFeInabalavelRestantes": 1,
        "curaHp": 0,
        "danoBruto": 14,
        "danoEfetivo": 14,
        "defensor": "Colosso de Treino Eterno",
        "elemento": "sagrado",
        "habilidadeAcionada": "Luz Sagrada",
        "hpRestante": 99895,
        "mensagem": "Humano Profeta ataca Colosso de Treino Eterno (Ataque 2/2 - Agilidade Superior) causando 14 de dano (elemento: sagrado)! (Colosso de Treino Eterno HP: 99895/100000)",
        "multiplicadorElemental": 1,
        "sobreescudoRestante": 0,
      },
    ],
    "ultimateEsperada": "Milagre Divino",
  },
  {
    "cenario": "humano | samurai | nível 30 vs monstro-sintetico-ultimate",
    "classeId": "samurai",
    "classeNome": "Samurai",
    "indiceAtaqueUltimate": 7,
    "primeiros10AtaquesBasicos": [
      {
        "atacante": "Humano Samurai",
        "bonusSobreescudoCorteDoVazioAtivo": false,
        "cargasFocoAbsolutoConsumidas": 0,
        "cargasFocoAbsolutoRestantes": 0,
        "danoBruto": 19,
        "danoEfetivo": 19,
        "defensor": "Colosso de Treino Eterno",
        "habilidadeAcionada": "Corte Preciso",
        "hpRestante": 99981,
        "ignorarDefesaFisicaPercentual": 0,
        "mensagem": "Humano Samurai ataca Colosso de Treino Eterno (Ataque 1/2 - Agilidade Superior) causando 19 de dano! (Colosso de Treino Eterno HP: 99981/100000)",
        "sobreescudoRestante": 0,
      },
      {
        "atacante": "Humano Samurai",
        "bonusSobreescudoCorteDoVazioAtivo": false,
        "cargasFocoAbsolutoConsumidas": 0,
        "cargasFocoAbsolutoRestantes": 0,
        "danoBruto": 19,
        "danoEfetivo": 19,
        "defensor": "Colosso de Treino Eterno",
        "habilidadeAcionada": "Corte Preciso",
        "hpRestante": 99962,
        "ignorarDefesaFisicaPercentual": 0,
        "mensagem": "Humano Samurai ataca Colosso de Treino Eterno (Ataque 2/2 - Agilidade Superior) causando 19 de dano! (Colosso de Treino Eterno HP: 99962/100000)",
        "sobreescudoRestante": 0,
      },
      {
        "atacante": "Humano Samurai",
        "bonusSobreescudoCorteDoVazioAtivo": false,
        "cargasFocoAbsolutoConsumidas": 0,
        "cargasFocoAbsolutoRestantes": 1,
        "danoBruto": 42,
        "danoEfetivo": 42,
        "defensor": "Colosso de Treino Eterno",
        "habilidadeAcionada": "Iaijutsu",
        "hpRestante": 99920,
        "ignorarDefesaFisicaPercentual": 10,
        "mensagem": "Humano Samurai ataca Colosso de Treino Eterno [Iaijutsu] (Ataque 1/2 - Agilidade Superior) causando 42 de dano! (Colosso de Treino Eterno HP: 99920/100000)",
        "sobreescudoRestante": 0,
      },
      {
        "atacante": "Humano Samurai",
        "bonusSobreescudoCorteDoVazioAtivo": false,
        "cargasFocoAbsolutoConsumidas": 0,
        "cargasFocoAbsolutoRestantes": 1,
        "danoBruto": 19,
        "danoEfetivo": 19,
        "defensor": "Colosso de Treino Eterno",
        "habilidadeAcionada": "Corte Preciso",
        "hpRestante": 99901,
        "ignorarDefesaFisicaPercentual": 0,
        "mensagem": "Humano Samurai ataca Colosso de Treino Eterno (Ataque 2/2 - Agilidade Superior) causando 19 de dano! (Colosso de Treino Eterno HP: 99901/100000)",
        "sobreescudoRestante": 0,
      },
      {
        "atacante": "Humano Samurai",
        "bonusSobreescudoCorteDoVazioAtivo": false,
        "cargasFocoAbsolutoConsumidas": 0,
        "cargasFocoAbsolutoRestantes": 1,
        "danoBruto": 19,
        "danoEfetivo": 19,
        "defensor": "Colosso de Treino Eterno",
        "habilidadeAcionada": "Corte Preciso",
        "hpRestante": 99882,
        "ignorarDefesaFisicaPercentual": 0,
        "mensagem": "Humano Samurai ataca Colosso de Treino Eterno (Ataque 1/2 - Agilidade Superior) causando 19 de dano! (Colosso de Treino Eterno HP: 99882/100000)",
        "sobreescudoRestante": 0,
      },
      {
        "atacante": "Humano Samurai",
        "bonusSobreescudoCorteDoVazioAtivo": false,
        "cargasFocoAbsolutoConsumidas": 1,
        "cargasFocoAbsolutoRestantes": 1,
        "danoBruto": 44,
        "danoEfetivo": 44,
        "defensor": "Colosso de Treino Eterno",
        "habilidadeAcionada": "Iaijutsu",
        "hpRestante": 99838,
        "ignorarDefesaFisicaPercentual": 10,
        "mensagem": "Humano Samurai ataca Colosso de Treino Eterno [Iaijutsu] (Ataque 2/2 - Agilidade Superior) causando 44 de dano! (Colosso de Treino Eterno HP: 99838/100000)",
        "sobreescudoRestante": 0,
      },
      {
        "atacante": "Humano Samurai",
        "bonusSobreescudoCorteDoVazioAtivo": false,
        "cargasFocoAbsolutoConsumidas": 1,
        "cargasFocoAbsolutoRestantes": 0,
        "danoBruto": 90,
        "danoEfetivo": 90,
        "danoEfetivoGolpeExtraCorteDoVazio": 0,
        "danoGolpeExtraCorteDoVazio": 0,
        "defensor": "Colosso de Treino Eterno",
        "golpeExtraCorteDoVazioAtivo": false,
        "habilidadeAcionada": "Corte do Vazio",
        "hpRestante": 99748,
        "ignorarDefesaFisicaPercentual": 25,
        "mensagem": "Humano Samurai ataca Colosso de Treino Eterno [Corte do Vazio] (Ataque 1/2 - Agilidade Superior) causando 90 de dano! (Colosso de Treino Eterno HP: 99748/100000)",
        "sobreescudoRestante": 0,
      },
      {
        "atacante": "Humano Samurai",
        "bonusSobreescudoCorteDoVazioAtivo": false,
        "cargasFocoAbsolutoConsumidas": 0,
        "cargasFocoAbsolutoRestantes": 0,
        "danoBruto": 19,
        "danoEfetivo": 19,
        "defensor": "Colosso de Treino Eterno",
        "habilidadeAcionada": "Corte Preciso",
        "hpRestante": 99729,
        "ignorarDefesaFisicaPercentual": 0,
        "mensagem": "Humano Samurai ataca Colosso de Treino Eterno (Ataque 2/2 - Agilidade Superior) causando 19 de dano! (Colosso de Treino Eterno HP: 99729/100000)",
        "sobreescudoRestante": 0,
      },
      {
        "atacante": "Humano Samurai",
        "bonusSobreescudoCorteDoVazioAtivo": false,
        "cargasFocoAbsolutoConsumidas": 0,
        "cargasFocoAbsolutoRestantes": 1,
        "danoBruto": 42,
        "danoEfetivo": 42,
        "defensor": "Colosso de Treino Eterno",
        "habilidadeAcionada": "Iaijutsu",
        "hpRestante": 99687,
        "ignorarDefesaFisicaPercentual": 10,
        "mensagem": "Humano Samurai ataca Colosso de Treino Eterno [Iaijutsu] (Ataque 1/2 - Agilidade Superior) causando 42 de dano! (Colosso de Treino Eterno HP: 99687/100000)",
        "sobreescudoRestante": 0,
      },
      {
        "atacante": "Humano Samurai",
        "bonusSobreescudoCorteDoVazioAtivo": false,
        "cargasFocoAbsolutoConsumidas": 0,
        "cargasFocoAbsolutoRestantes": 1,
        "danoBruto": 19,
        "danoEfetivo": 19,
        "defensor": "Colosso de Treino Eterno",
        "habilidadeAcionada": "Corte Preciso",
        "hpRestante": 99668,
        "ignorarDefesaFisicaPercentual": 0,
        "mensagem": "Humano Samurai ataca Colosso de Treino Eterno (Ataque 2/2 - Agilidade Superior) causando 19 de dano! (Colosso de Treino Eterno HP: 99668/100000)",
        "sobreescudoRestante": 0,
      },
    ],
    "ultimateEsperada": "Corte do Vazio",
  },
]
`;
